Classic Timing Analyzer report for CODE83
Tue Jan 01 00:38:09 2013
Quartus II Version 9.1 Build 222 10/21/2009 SJ Full Version


---------------------
; Table of Contents ;
---------------------
  1. Legal Notice
  2. Timing Analyzer Summary
  3. Timing Analyzer Settings
  4. Parallel Compilation
  5. tpd
  6. Timing Analyzer Messages



----------------
; Legal Notice ;
----------------
Copyright (C) 1991-2009 Altera Corporation
Your use of Altera Corporation's design tools, logic functions 
and other software and tools, and its AMPP partner logic 
functions, and any output files from any of the foregoing 
(including device programming or simulation files), and any 
associated documentation or information are expressly subject 
to the terms and conditions of the Altera Program License 
Subscription Agreement, Altera MegaCore Function License 
Agreement, or other applicable license agreement, including, 
without limitation, that your use is for the sole purpose of 
programming logic devices manufactured by Altera and sold by 
Altera or its authorized distributors.  Please refer to the 
applicable agreement for further details.



+------------------------------------------------------------------------------------------------------------------------------+
; Timing Analyzer Summary                                                                                                      ;
+------------------------------+-------+---------------+-------------+--------+---------+------------+----------+--------------+
; Type                         ; Slack ; Required Time ; Actual Time ; From   ; To      ; From Clock ; To Clock ; Failed Paths ;
+------------------------------+-------+---------------+-------------+--------+---------+------------+----------+--------------+
; Worst-case tpd               ; N/A   ; None          ; 14.664 ns   ; DIN[2] ; DOUT[1] ; --         ; --       ; 0            ;
; Total number of failed paths ;       ;               ;             ;        ;         ;            ;          ; 0            ;
+------------------------------+-------+---------------+-------------+--------+---------+------------+----------+--------------+


+-----------------------------------------------------------------------------------------------------------------------------------------------------+
; Timing Analyzer Settings                                                                                                                            ;
+------------------------------------------------------------------------------------------------------+--------------------+------+----+-------------+
; Option                                                                                               ; Setting            ; From ; To ; Entity Name ;
+------------------------------------------------------------------------------------------------------+--------------------+------+----+-------------+
; Device Name                                                                                          ; EP1C6Q240C8        ;      ;    ;             ;
; Timing Models                                                                                        ; Final              ;      ;    ;             ;
; Default hold multicycle                                                                              ; Same as Multicycle ;      ;    ;             ;
; Cut paths between unrelated clock domains                                                            ; On                 ;      ;    ;             ;
; Cut off read during write signal paths                                                               ; On                 ;      ;    ;             ;
; Cut off feedback from I/O pins                                                                       ; On                 ;      ;    ;             ;
; Report Combined Fast/Slow Timing                                                                     ; Off                ;      ;    ;             ;
; Ignore Clock Settings                                                                                ; Off                ;      ;    ;             ;
; Analyze latches as synchronous elements                                                              ; On                 ;      ;    ;             ;
; Enable Recovery/Removal analysis                                                                     ; Off                ;      ;    ;             ;
; Enable Clock Latency                                                                                 ; Off                ;      ;    ;             ;
; Use TimeQuest Timing Analyzer                                                                        ; Off                ;      ;    ;             ;
; Minimum Core Junction Temperature                                                                    ; 0                  ;      ;    ;             ;
; Maximum Core Junction Temperature                                                                    ; 85                 ;      ;    ;             ;
; Number of source nodes to report per destination node                                                ; 10                 ;      ;    ;             ;
; Number of destination nodes to report                                                                ; 10                 ;      ;    ;             ;
; Number of paths to report                                                                            ; 200                ;      ;    ;             ;
; Report Minimum Timing Checks                                                                         ; Off                ;      ;    ;             ;
; Use Fast Timing Models                                                                               ; Off                ;      ;    ;             ;
; Report IO Paths Separately                                                                           ; Off                ;      ;    ;             ;
; Perform Multicorner Analysis                                                                         ; Off                ;      ;    ;             ;
; Reports the worst-case path for each clock domain and analysis                                       ; Off                ;      ;    ;             ;
; Reports worst-case timing paths for each clock domain and analysis                                   ; On                 ;      ;    ;             ;
; Specifies the maximum number of worst-case timing paths to report for each clock domain and analysis ; 100                ;      ;    ;             ;
; Removes common clock path pessimism (CCPP) during slack computation                                  ; Off                ;      ;    ;             ;
; Output I/O Timing Endpoint                                                                           ; Near End           ;      ;    ;             ;
+------------------------------------------------------------------------------------------------------+--------------------+------+----+-------------+


+------------------------------------------+
; Parallel Compilation                     ;
+----------------------------+-------------+
; Processors                 ; Number      ;
+----------------------------+-------------+
; Number detected on machine ; 2           ;
; Maximum allowed            ; 2           ;
;                            ;             ;
; Average used               ; 1.00        ;
; Maximum used               ; 1           ;
;                            ;             ;
; Usage by Processor         ; % Time Used ;
;     1 processor            ; 100.0%      ;
;     2 processors           ;   0.0%      ;
+----------------------------+-------------+


+----------------------------------------------------------------+
; tpd                                                            ;
+-------+-------------------+-----------------+--------+---------+
; Slack ; Required P2P Time ; Actual P2P Time ; From   ; To      ;
+-------+-------------------+-----------------+--------+---------+
; N/A   ; None              ; 14.664 ns       ; DIN[2] ; DOUT[1] ;
; N/A   ; None              ; 14.484 ns       ; DIN[5] ; DOUT[1] ;
; N/A   ; None              ; 14.414 ns       ; DIN[3] ; DOUT[1] ;
; N/A   ; None              ; 14.389 ns       ; DIN[3] ; DOUT[0] ;
; N/A   ; None              ; 14.158 ns       ; DIN[2] ; DOUT[0] ;
; N/A   ; None              ; 13.619 ns       ; DIN[5] ; DOUT[0] ;
; N/A   ; None              ; 13.507 ns       ; DIN[5] ; DOUT[2] ;
; N/A   ; None              ; 13.014 ns       ; DIN[7] ; DOUT[0] ;
; N/A   ; None              ; 12.854 ns       ; DIN[1] ; DOUT[0] ;
; N/A   ; None              ; 12.738 ns       ; DIN[4] ; DOUT[0] ;
; N/A   ; None              ; 12.552 ns       ; DIN[7] ; DOUT[1] ;
; N/A   ; None              ; 12.105 ns       ; DIN[7] ; DOUT[2] ;
; N/A   ; None              ; 11.803 ns       ; DIN[4] ; DOUT[1] ;
; N/A   ; None              ; 11.684 ns       ; DIN[6] ; DOUT[1] ;
; N/A   ; None              ; 11.376 ns       ; DIN[6] ; DOUT[0] ;
; N/A   ; None              ; 11.362 ns       ; DIN[4] ; DOUT[2] ;
; N/A   ; None              ; 11.236 ns       ; DIN[6] ; DOUT[2] ;
+-------+-------------------+-----------------+--------+---------+


+--------------------------+
; Timing Analyzer Messages ;
+--------------------------+
Info: *******************************************************************
Info: Running Quartus II Classic Timing Analyzer
    Info: Version 9.1 Build 222 10/21/2009 SJ Full Version
    Info: Processing started: Tue Jan 01 00:38:09 2013
Info: Command: quartus_tan --read_settings_files=off --write_settings_files=off CODE83 -c CODE83 --timing_analysis_only
Info: Parallel compilation is enabled and will use 2 of the 2 processors detected
Info: Longest tpd from source pin "DIN[2]" to destination pin "DOUT[1]" is 14.664 ns
    Info: 1: + IC(0.000 ns) + CELL(1.469 ns) = 1.469 ns; Loc. = PIN_163; Fanout = 2; PIN Node = 'DIN[2]'
    Info: 2: + IC(7.493 ns) + CELL(0.590 ns) = 9.552 ns; Loc. = LC_X7_Y17_N4; Fanout = 1; COMB Node = 'DOUT~2'
    Info: 3: + IC(0.398 ns) + CELL(0.442 ns) = 10.392 ns; Loc. = LC_X7_Y17_N2; Fanout = 1; COMB Node = 'DOUT~3'
    Info: 4: + IC(2.148 ns) + CELL(2.124 ns) = 14.664 ns; Loc. = PIN_1; Fanout = 0; PIN Node = 'DOUT[1]'
    Info: Total cell delay = 4.625 ns ( 31.54 % )
    Info: Total interconnect delay = 10.039 ns ( 68.46 % )
Info: Quartus II Classic Timing Analyzer was successful. 0 errors, 0 warnings
    Info: Peak virtual memory: 152 megabytes
    Info: Processing ended: Tue Jan 01 00:38:09 2013
    Info: Elapsed time: 00:00:00
    Info: Total CPU time (on all processors): 00:00:00


